// Jest Snapshot v1, https://goo.gl/fbAQLP

exports[`<Infos> renders Infos correctly 1`] = `
<div
  className="af-contrat"
>
  <i
    className="glyphicon glyphicon-info-sign"
  />
  <dl
    className="af-contrat__list"
  >
    <dt
      className="af-contrat__word"
      key="word_1"
    >
      word
    </dt>
    <dd
      className="af-contrat__def"
      key="def_1"
    >
      definition
    </dd>
  </dl>
</div>
`;
