// Jest Snapshot v1, https://goo.gl/fbAQLP

exports[`<SwitchInput> renders SwitchInput correctly 1`] = `
<div
  className="row af-form__group"
>
  <div
    className="col-md-2"
  >
    <label
      className="af-form__group-label"
      htmlFor=""
    >
      Image *
    </label>
  </div>
  <div
    className="col-md-10"
  >
    <div
      className="af-form__text"
    >
      <div
        className="af-form-switch"
      >
        <span
          className="af-btn-switch-slider"
          style={
            Object {
              "left": "0px",
              "width": "0px",
            }
          }
        />
      </div>
    </div>
    <small
      className="af-form__help"
    />
  </div>
</div>
`;
