// Jest Snapshot v1, https://goo.gl/fbAQLP

exports[`<HeaderCore should render header 1`] = `
<div
  className="af-modal__header"
>
  <h4
    className="af-modal__header-title"
  >
    Title
  </h4>
  <button
    aria-label="Close"
    className="af-modal__header-close-btn"
    onClick={[MockFunction]}
    type="button"
  >
    <span
      aria-hidden="true"
      className="glyphicon glyphicon-close"
    />
  </button>
</div>
`;
