// Jest Snapshot v1, https://goo.gl/fbAQLP

exports[`<HeaderBase> should render header 1`] = `
<div
  className="af-modal__header"
>
  content
</div>
`;
