// Jest Snapshot v1, https://goo.gl/fbAQLP

exports[`<Summary> renders Summary correctly 1`] = `null`;
