// Jest Snapshot v1, https://goo.gl/fbAQLP

exports[`<FooterCore> should render a footer with children as content 1`] = `
<footer
  className="af-footer"
>
  <div
    className="container-fluid container"
  >
    <a
      className="af-logo"
      href="https://www.axa.fr/"
      target="blank"
      title="Site Axa"
    >
      <img
        alt="Logo Axa"
        className="af-logo__brand"
        src="assets/logo-axa.svg"
      />
    </a>
    <div
      className="af-footer-content"
    >
      <strong>
        Test
      </strong>
    </div>
  </div>
</footer>
`;
