// Jest Snapshot v1, https://goo.gl/fbAQLP

exports[`<FooterClient> renders FooterClient correctly 1`] = `
<footer
  className="af-footer-client"
>
  <div
    className="af-footer-client__top"
  >
    <div
      className="container"
    >
      <div
        className="af-footer-client__top-container"
      >
        <div
          className="af-footer-client__column"
        >
          <h3
            className="af-footer-client__column-title"
          >
            title
          </h3>
          <ul
            className="af-footer-client__column-items"
          >
            <li
              className="af-footer-client__column-item"
            >
              <a
                className="af-footer-client__column-link"
                href="/3"
                onClick={[Function]}
              >
                text
              </a>
            </li>
            ))
          </ul>
        </div>
        ))
        <div
          className="af-footer-client__column"
        >
          <h3
            className="af-footer-client__column-title"
          >
            Follow AXA
          </h3>
          <ul
            className="af-footer-client__column-items"
          >
            <ul
              className="social-network__list"
            >
              <li
                className="social-network__item"
              >
                <a
                  className="social-network__link"
                  href="#"
                  onClick={[Function]}
                  target="_blank"
                >
                  <i
                    className="social-network__icon glyphicon glyphicon-facebook"
                  />
                </a>
              </li>
              <li
                className="social-network__item"
              >
                <a
                  className="social-network__link"
                  href="#"
                  onClick={[Function]}
                  target="_blank"
                >
                  <i
                    className="social-network__icon glyphicon glyphicon-linkedin-logo"
                  />
                </a>
              </li>
              <li
                className="social-network__item"
              >
                <a
                  className="social-network__link"
                  href="#"
                  onClick={[Function]}
                  target="_blank"
                >
                  <i
                    className="social-network__icon glyphicon glyphicon-youtube-symbol"
                  />
                </a>
              </li>
              <li
                className="social-network__item"
              >
                <a
                  className="social-network__link"
                  href="#"
                  onClick={[Function]}
                  target="_blank"
                >
                  <i
                    className="social-network__icon glyphicon glyphicon-instagram"
                  />
                </a>
              </li>
              <li
                className="social-network__item"
              >
                <a
                  className="social-network__link"
                  href="#"
                  onClick={[Function]}
                  target="_blank"
                >
                  <i
                    className="social-network__icon glyphicon glyphicon-twitter-logo-silhouette"
                  />
                </a>
              </li>
            </ul>
          </ul>
        </div>
      </div>
    </div>
  </div>
  <div
    className="af-footer-client__bottom"
  >
    <div
      className="container"
    >
      <div
        className="af-languageSelection"
      >
        <h3
          className="af-languageSelection__title"
        >
           Languages: 
        </h3>
        <ul
          className="af-languageSelection__list"
        >
          <li
            className="af-languageSelection__item af-languageSelection__item--active"
          >
            <button
              className="af-languageSelection__item-button"
              onClick={[Function]}
              type="button"
            >
              English
            </button>
          </li>
          <li
            className="af-languageSelection__item"
          >
            <button
              className="af-languageSelection__item-button"
              onClick={[Function]}
              type="button"
            >
              Chinese
            </button>
          </li>
        </ul>
      </div>
      <div
        className="af-footer-client__policy"
      >
        Policy Privacy Â© 2016 AXA All Rights Reserved
      </div>
    </div>
  </div>
</footer>
`;
