// Jest Snapshot v1, https://goo.gl/fbAQLP

exports[`<SwitchInput> renders SwitchInput correctly 1`] = `
<div
  className="row af-form__group af-form__group--null af-form__group--label-top"
>
  <div
    className="col-md-2"
  >
    <label
      className="af-form__group-label"
      htmlFor="iddateinput"
    >
      Image *
    </label>
  </div>
  <div
    className="col-md-10"
  >
    <div
      className="af-form__textarea"
    >
      <textarea
        autoFocus={null}
        className="af-form__input-textarea"
        cols={50}
        disabled={false}
        id="iddateinput"
        name="sample"
        onBlur={[Function]}
        onChange={[Function]}
        onFocus={[Function]}
        placeholder=""
        readOnly={false}
        rows={5}
        tabIndex={null}
        value="ici le text"
      />
    </div>
    <small
      className="af-form__help"
    />
  </div>
</div>
`;
