// Jest Snapshot v1, https://goo.gl/fbAQLP

exports[`<Icon> should render a sante icon 1`] = `
<svg
  viewBox="0 0 16 16"
>
  <use
    xlinkHref="/icons.svg#sante"
  />
</svg>
`;
