// Jest Snapshot v1, https://goo.gl/fbAQLP

exports[`Accordion renders Accordion correctly 1`] = `
<AccordionBase
  classModifier={null}
  className="af-accordion"
  collapses={Array []}
  defaultCollapse={true}
  handleToggle={[Function]}
  onlyOne={true}
>
  <CollapseCardBase
    classModifier={null}
    className="af-accordion__item"
    collapse={false}
    id={null}
    index={0}
    onToggle={null}
  >
    <Header
      ariaControls={null}
      classModifier={null}
      className="af-accordion__item-header"
      collapse={true}
      href="#collapseOne"
      id={null}
      onToggle={null}
    >
      title
    </Header>
    <Body
      ariaLabelledby={null}
      classModifier={null}
      className="af-accordion__collapse"
      collapse={true}
      onToggle={null}
    >
      <b>
        Content
      </b>
    </Body>
  </CollapseCardBase>
</AccordionBase>
`;
