// Jest Snapshot v1, https://goo.gl/fbAQLP

exports[`<Header> renders Header correctly 1`] = `
<div
  className="af-header"
>
  <div
    className="container af-header__wrapper"
  >
    <header
      className="af-header__content"
      role="banner"
    />
  </div>
</div>
`;
