// Jest Snapshot v1, https://goo.gl/fbAQLP

exports[`<DateInput> renders DateInput correctly 1`] = `
<div
  className="af-rccard__1 af-rccard-group af-rccard-group--active"
>
  
  <div
    className="af-rccard-group__content"
  >
    <div
      className="af-rccard af-rccard--active"
    >
      <header
        className="af-rccard-header"
      >
        <div
          className="af-form__checkbox"
        >
          <input
            checked={true}
            className="af-form__input-checkbox"
            disabled={false}
            id="name"
            name="defaultName"
            onBlur={null}
            onChange={[Function]}
            onFocus={null}
            readOnly={false}
            type="checkbox"
          />
          <label
            className="af-form__label"
            htmlFor="name"
          >
            <span
              className="af-form__indicator"
            >
              <i
                className="glyphicon glyphicon-ok"
              />
            </span>
            <span
              className="af-form__description"
            >
              <p
                className="af-rccard-header__title"
              >
                 Référence
              </p>
              <p
                className="af-rccard-header__subtitle"
              >
                50 € / mois
              </p>
            </span>
          </label>
        </div>
      </header>
      <label
        className="af-rccard-content"
        htmlFor="name"
      >
        <p>
          John Doe
        </p>
        <dl>
          <dt
            className="af-rccard__term"
          >
             Statut: 
          </dt>
          <dd
            className="af-rccard__def"
          >
             En cours 
          </dd>
          <dt
            className="af-rccard__term"
          >
             Epargne atteinte: 
          </dt>
          <dd
            className="af-rccard__def"
          >
             125 000 € 
          </dd>
        </dl>
      </label>
      <footer
        className="af-rccard-footer"
      >
        <label
          htmlFor="name"
        >
          <p>
             Sortie en rente obligatoire 
          </p>
        </label>
      </footer>
    </div>
  </div>
</div>
`;
