// Jest Snapshot v1, https://goo.gl/fbAQLP

exports[`Form/PassInput/Pass Pass display correctly 1`] = `
<div
  className="af-form__pass"
>
  <div
    className="af-form__pass-strength"
  />
  <input
    autoFocus={null}
    className="af-form__input-text"
    disabled={false}
    id={undefined}
    name="password"
    onBlur={null}
    onChange={[Function]}
    onFocus={null}
    placeholder=""
    readOnly={false}
    strength={null}
    tabIndex={null}
    type="password"
    value=""
  />
  <button
    className="af-form__pass-btn"
    onClick={[Function]}
    type="button"
  >
    <i
      className="glyphicon glyphicon-eye-open"
    />
  </button>
</div>
`;
