// Jest Snapshot v1, https://goo.gl/fbAQLP

exports[`<Loader> renders Loader correctly 1`] = `
<div
  className={null}
  style={
    Object {
      "minHeight": "94px",
      "position": "relative",
    }
  }
>
  <div>
    <h1>
      Title Child
    </h1>
    <span>
      Here your child component
    </span>
  </div>
   
  <div
    className="af-loader af-loader-on"
    style={
      Object {
        "backgroundColor": "rgba(180, 180, 180, 0.75)",
        "height": "100%",
        "left": 0,
        "position": "absolute",
        "top": 0,
        "width": "100%",
      }
    }
  >
    <div
      className="af-spinner af-spinner--active"
    >
      <div
        className="af-spinner__animation"
      />
      <div
        className="af-spinner__caption"
      >
        Chargement en cours
      </div>
    </div>
  </div>
</div>
`;
