// Jest Snapshot v1, https://goo.gl/fbAQLP

exports[`<File.FileInput> renders File.FileInput correctly 1`] = `
<tr
  className="custom-line-file af-file-line"
>
  <td
    className="text-center"
  >
    <Preview
      file={
        Object {
          "name": "name",
          "preview": "#",
          "size": 1,
        }
      }
    />
  </td>
  <td>
    name
  </td>
  <td
    className="text-center"
  >
    1
  </td>
  <td
    className="text-center"
  >
    <button
      className="btn btn-danger"
      disabled={false}
      onClick={[Function]}
      type="button"
    >
      X
    </button>
  </td>
</tr>
`;
