// Jest Snapshot v1, https://goo.gl/fbAQLP

exports[`<ButtonBase> should render 1`] = `
<button
  className="btn af-btn af-btn--classModifier"
  id="id"
  onClick={[Function]}
  type="submit"
/>
`;
