// Jest Snapshot v1, https://goo.gl/fbAQLP

exports[`<Help> Render Should render Help component 1`] = `
<button
  className="af-popover__wrapper"
  onClick={[Function]}
  onMouseEnter={[Function]}
  onMouseLeave={[Function]}
  type="button"
>
  <div
    className="af-popover__container"
  >
    <div
      className="af-popover__container-over"
      role="presentation"
    >
      <button
        className="btn af-btn--circle"
        type="button"
      >
        <span
          className="af-more-help"
        >
          i
        </span>
      </button>
    </div>
  </div>
</button>
`;
